[colorlib.com/polygon/gentelella/index.html]
[backblue.gif]
[fade.gif]
[index.html]
[colorlib.com/polygon/gentelella/images/favicon.ico]
[colorlib.com/polygon/vendors/bootstrap/dist/css/bootstrap.min.css]
[colorlib.com/polygon/vendors/font-awesome/css/font-awesome.min.css]
[colorlib.com/polygon/vendors/nprogress/nprogress.css]
[colorlib.com/polygon/vendors/iCheck/skins/flat/green.css]
[colorlib.com/polygon/vendors/bootstrap-progressbar/css/bootstrap-progressbar-3.3.4.min.css]
[colorlib.com/polygon/vendors/jqvmap/dist/jqvmap.min.css]
[colorlib.com/polygon/vendors/bootstrap-daterangepicker/daterangepicker.css]
[colorlib.com/polygon/build/css/custom.min.css]
[colorlib.com/polygon/gentelella/images/img.jpg]
[colorlib.com/polygon/gentelella/index2.html]
[colorlib.com/polygon/gentelella/index3.html]
[colorlib.com/polygon/gentelella/form_advanced.html]
[colorlib.com/polygon/gentelella/form.html]
[colorlib.com/polygon/gentelella/form_validation.html]
[colorlib.com/polygon/gentelella/form_wizards.html]
[colorlib.com/polygon/gentelella/form_upload.html]
[colorlib.com/polygon/gentelella/form_buttons.html]
[colorlib.com/polygon/gentelella/general_elements.html]
[colorlib.com/polygon/gentelella/media_gallery.html]
[colorlib.com/polygon/gentelella/typography.html]
[colorlib.com/polygon/gentelella/icons.html]
[colorlib.com/polygon/gentelella/glyphicons.html]
[colorlib.com/polygon/gentelella/widgets.html]
[colorlib.com/polygon/gentelella/invoice.html]
[colorlib.com/polygon/gentelella/inbox.html]
[colorlib.com/polygon/gentelella/calendar.html]
[colorlib.com/polygon/gentelella/tables.html]
[colorlib.com/polygon/gentelella/tables_dynamic.html]
[colorlib.com/polygon/gentelella/chartjs.html]
[colorlib.com/polygon/gentelella/chartjs2.html]
[colorlib.com/polygon/gentelella/morisjs.html]
[colorlib.com/polygon/gentelella/echarts.html]
[colorlib.com/polygon/gentelella/other_charts.html]
[colorlib.com/polygon/gentelella/fixed_sidebar.html]
[colorlib.com/polygon/gentelella/fixed_footer.html]
[colorlib.com/polygon/gentelella/e_commerce.html]
[colorlib.com/polygon/gentelella/projects.html]
[colorlib.com/polygon/gentelella/project_detail.html]
[colorlib.com/polygon/gentelella/contacts.html]
[colorlib.com/polygon/gentelella/profile.html]
[colorlib.com/polygon/gentelella/page_403.html]
[colorlib.com/polygon/gentelella/page_404.html]
[colorlib.com/polygon/gentelella/page_500.html]
[colorlib.com/polygon/gentelella/plain_page.html]
[colorlib.com/polygon/gentelella/login.html]
[colorlib.com/polygon/gentelella/pricing_tables.html]
[colorlib.com/polygon/gentelella/level2.html]
[colorlib.com/polygon/vendors/bootstrap/dist/js/bootstrap.bundle.min.js]
[colorlib.com/polygon/vendors/jquery/dist/jquery.min.js]
[colorlib.com/polygon/vendors/fastclick/lib/fastclick.js]
[colorlib.com/polygon/vendors/nprogress/nprogress.js]
[colorlib.com/polygon/vendors/Chart.js/dist/Chart.min.js]
[colorlib.com/polygon/vendors/gauge.js/dist/gauge.min.js]
[colorlib.com/polygon/vendors/bootstrap-progressbar/bootstrap-progressbar.min.js]
[colorlib.com/polygon/vendors/iCheck/icheck.min.js]
[colorlib.com/polygon/vendors/skycons/skycons.js]
[colorlib.com/polygon/vendors/Flot/jquery.flot.pie.js]
[colorlib.com/polygon/vendors/Flot/jquery.flot.time.js]
[colorlib.com/polygon/vendors/Flot/jquery.flot.js]
[colorlib.com/polygon/vendors/Flot/jquery.flot.stack.js]
[colorlib.com/polygon/vendors/Flot/jquery.flot.resize.js]
[colorlib.com/polygon/vendors/flot.orderbars/js/jquery.flot.orderBars.js]
[colorlib.com/polygon/vendors/flot-spline/js/jquery.flot.spline.min.js]
[colorlib.com/polygon/vendors/flot.curvedlines/curvedLines.js]
[colorlib.com/polygon/vendors/DateJS/build/date.js]
[colorlib.com/polygon/vendors/jqvmap/dist/jquery.vmap.js]
[colorlib.com/polygon/vendors/jqvmap/dist/maps/jquery.vmap.world.js]
[colorlib.com/polygon/vendors/jqvmap/examples/js/jquery.vmap.sampledata.js]
[colorlib.com/polygon/vendors/moment/min/moment.min.js]
[colorlib.com/polygon/vendors/bootstrap-daterangepicker/daterangepicker.js]
[colorlib.com/polygon/gentelella/index.html]
[colorlib.com/polygon/vendors/bootstrap/dist/css/bootstrap.min.css]
[colorlib.com/polygon/vendors/font-awesome/css/font-awesome.min.css]
[colorlib.com/polygon/vendors/nprogress/nprogress.css]
[colorlib.com/polygon/build/js/custom.min.js]
[colorlib.com/polygon/vendors/iCheck/skins/flat/green.png]
[colorlib.com/polygon/vendors/iCheck/skins/flat/green@2x.png]
[colorlib.com/polygon/vendors/iCheck/skins/flat/green.css]
[colorlib.com/polygon/vendors/bootstrap-progressbar/css/bootstrap-progressbar-3.3.4.min.css]
[colorlib.com/polygon/vendors/jqvmap/dist/jqvmap.min.css]
[colorlib.com/polygon/vendors/bootstrap-daterangepicker/daterangepicker.css]
[cssdeck.com/uploads/media/items/8/8bcLQqF.png]
[colorlib.com/polygon/build/css/custom.min.css]
[colorlib.com/polygon/gentelella/index2.html]
[colorlib.com/polygon/vendors/jquery-sparkline/dist/jquery.sparkline.min.js]
[colorlib.com/polygon/gentelella/index3.html]
[colorlib.com/polygon/vendors/raphael/raphael.min.js]
[colorlib.com/polygon/vendors/morris.js/morris.min.js]
[colorlib.com/polygon/vendors/google-code-prettify/bin/prettify.min.css]
[colorlib.com/polygon/vendors/switchery/dist/switchery.min.css]
[colorlib.com/polygon/vendors/select2/dist/css/select2.min.css]
[colorlib.com/polygon/vendors/starrr/dist/starrr.css]
[colorlib.com/polygon/vendors/bootstrap-wysiwyg/js/bootstrap-wysiwyg.min.js]
[colorlib.com/polygon/vendors/jquery.hotkeys/jquery.hotkeys.js]
[colorlib.com/polygon/vendors/google-code-prettify/src/prettify.js]
[colorlib.com/polygon/vendors/jquery.tagsinput/src/jquery.tagsinput.js]
[colorlib.com/polygon/vendors/switchery/dist/switchery.min.js]
[colorlib.com/polygon/vendors/select2/dist/js/select2.full.min.js]
[colorlib.com/polygon/vendors/parsleyjs/dist/parsley.min.js]
[colorlib.com/polygon/vendors/autosize/dist/autosize.min.js]
[colorlib.com/polygon/vendors/devbridge-autocomplete/dist/jquery.autocomplete.min.js]
[colorlib.com/polygon/gentelella/form.html]
[colorlib.com/polygon/vendors/starrr/dist/starrr.js]
[colorlib.com/polygon/vendors/bootstrap-datetimepicker/build/css/bootstrap-datetimepicker.css]
[colorlib.com/polygon/vendors/normalize-css/normalize.css]
[colorlib.com/polygon/vendors/ion.rangeSlider/css/ion.rangeSlider.css]
[colorlib.com/polygon/vendors/ion.rangeSlider/css/ion.rangeSlider.skinFlat.css]
[colorlib.com/polygon/vendors/mjolnic-bootstrap-colorpicker/dist/css/bootstrap-colorpicker.min.css]
[colorlib.com/polygon/vendors/cropper/dist/cropper.min.css]
[colorlib.com/polygon/gentelella/images/cropper.jpg]
[colorlib.com/polygon/gentelella/cropped.png]
[colorlib.com/polygon/vendors/bootstrap-datetimepicker/build/js/bootstrap-datetimepicker.min.js]
[colorlib.com/polygon/vendors/ion.rangeSlider/js/ion.rangeSlider.min.js]
[colorlib.com/polygon/vendors/mjolnic-bootstrap-colorpicker/dist/js/bootstrap-colorpicker.min.js]
[colorlib.com/polygon/vendors/jquery.inputmask/dist/min/jquery.inputmask.bundle.min.js]
[colorlib.com/polygon/vendors/jquery-knob/dist/jquery.knob.min.js]
[colorlib.com/polygon/gentelella/form_advanced.html]
[colorlib.com/polygon/vendors/cropper/dist/cropper.min.js]
[ajax.googleapis.com/ajax/libs/jquery/1.9.1/jquery.min.js]
[colorlib.com/polygon/vendors/validator/multifield.js]
[colorlib.com/polygon/gentelella/form_validation.html]
[colorlib.com/polygon/vendors/validator/validator.js]
[colorlib.com/polygon/gentelella/form_wizards.html]
[colorlib.com/polygon/vendors/jQuery-Smart-Wizard/js/jquery.smartWizard.js]
[colorlib.com/polygon/vendors/dropzone/dist/min/dropzone.min.css]
[colorlib.com/polygon/gentelella/form_upload.html]
[colorlib.com/polygon/gentelella/form_buttons.html]
[colorlib.com/polygon/vendors/dropzone/dist/min/dropzone.min.js]
[colorlib.com/polygon/vendors/pnotify/dist/pnotify.css]
[colorlib.com/polygon/vendors/pnotify/dist/pnotify.buttons.css]
[colorlib.com/polygon/vendors/pnotify/dist/pnotify.nonblock.css]
[colorlib.com/polygon/vendors/pnotify/dist/pnotify.js]
[colorlib.com/polygon/vendors/pnotify/dist/pnotify.buttons.js]
[colorlib.com/polygon/gentelella/general_elements.html]
[colorlib.com/polygon/vendors/pnotify/dist/pnotify.nonblock.js]
[colorlib.com/polygon/gentelella/images/media.jpg]
[colorlib.com/polygon/gentelella/media_gallery.html]
[colorlib.com/polygon/gentelella/typography.html]
[colorlib.com/polygon/gentelella/icons.html]
[colorlib.com/polygon/gentelella/glyphicons.html]
[colorlib.com/polygon/gentelella/images/user.png]
[colorlib.com/polygon/gentelella/widgets.html]
[colorlib.com/polygon/vendors/jquery.easy-pie-chart/dist/jquery.easypiechart.min.js]
[colorlib.com/polygon/gentelella/images/visa.png]
[colorlib.com/polygon/gentelella/images/mastercard.png]
[colorlib.com/polygon/gentelella/images/american-express.png]
[colorlib.com/polygon/gentelella/images/paypal.png]
[colorlib.com/polygon/gentelella/invoice.html]
[colorlib.com/polygon/gentelella/images/inbox.png]
[colorlib.com/polygon/gentelella/inbox.html]
[colorlib.com/polygon/vendors/fullcalendar/dist/fullcalendar.min.css]
[colorlib.com/polygon/vendors/fullcalendar/dist/fullcalendar.print.css]
[colorlib.com/polygon/gentelella/calendar.html]
[colorlib.com/polygon/gentelella/tables.html]
[colorlib.com/polygon/vendors/fullcalendar/dist/fullcalendar.min.js]
[colorlib.com/polygon/gentelella/cdn.datatables.net/1.10.20/css/jquery.dataTables.min.css]
[colorlib.com/polygon/vendors/datatables.net-bs/css/dataTables.bootstrap.min.css]
[colorlib.com/polygon/vendors/datatables.net-buttons-bs/css/buttons.bootstrap.min.css]
[colorlib.com/polygon/vendors/datatables.net-fixedheader-bs/css/fixedHeader.bootstrap.min.css]
[colorlib.com/polygon/vendors/datatables.net-responsive-bs/css/responsive.bootstrap.min.css]
[colorlib.com/polygon/vendors/datatables.net-scroller-bs/css/scroller.bootstrap.min.css]
[colorlib.com/polygon/vendors/datatables.net/js/jquery.dataTables.min.js]
[colorlib.com/polygon/vendors/datatables.net-bs/js/dataTables.bootstrap.min.js]
[colorlib.com/polygon/vendors/datatables.net-buttons/js/dataTables.buttons.min.js]
[colorlib.com/polygon/vendors/datatables.net-buttons-bs/js/buttons.bootstrap.min.js]
[colorlib.com/polygon/vendors/datatables.net-buttons/js/buttons.flash.min.js]
[colorlib.com/polygon/vendors/datatables.net-buttons/js/buttons.html5.min.js]
[colorlib.com/polygon/vendors/datatables.net-buttons/js/buttons.print.min.js]
[colorlib.com/polygon/vendors/datatables.net-fixedheader/js/dataTables.fixedHeader.min.js]
[colorlib.com/polygon/vendors/datatables.net-keytable/js/dataTables.keyTable.min.js]
[colorlib.com/polygon/vendors/datatables.net-responsive/js/dataTables.responsive.min.js]
[colorlib.com/polygon/vendors/datatables.net-responsive-bs/js/responsive.bootstrap.js]
[colorlib.com/polygon/vendors/datatables.net-scroller/js/dataTables.scroller.min.js]
[colorlib.com/polygon/vendors/jszip/dist/jszip.min.js]
[colorlib.com/polygon/vendors/pdfmake/build/pdfmake.min.js]
[colorlib.com/polygon/gentelella/tables_dynamic.html]
[colorlib.com/polygon/gentelella/chartjs.html]
[colorlib.com/polygon/gentelella/chartjs2.html]
[colorlib.com/polygon/gentelella/morisjs.html]
[colorlib.com/polygon/gentelella/echarts.html]
[colorlib.com/polygon/vendors/pdfmake/build/vfs_fonts.js]
[colorlib.com/polygon/vendors/echarts/dist/echarts.min.js]
[colorlib.com/polygon/vendors/echarts/map/js/world.js]
[colorlib.com/polygon/gentelella/other_charts.html]
[colorlib.com/polygon/vendors/jqvmap/dist/maps/jquery.vmap.usa.js]
[colorlib.com/polygon/vendors/malihu-custom-scrollbar-plugin/jquery.mCustomScrollbar.min.css]
[colorlib.com/polygon/gentelella/fixed_sidebar.html]
[colorlib.com/polygon/gentelella/fixed_footer.html]
[colorlib.com/polygon/vendors/malihu-custom-scrollbar-plugin/jquery.mCustomScrollbar.concat.min.js]
[colorlib.com/polygon/gentelella/images/prod-1.jpg]
[colorlib.com/polygon/gentelella/images/prod-2.jpg]
[colorlib.com/polygon/gentelella/images/prod-3.jpg]
[colorlib.com/polygon/gentelella/images/prod-4.jpg]
[colorlib.com/polygon/gentelella/images/prod-5.jpg]
[colorlib.com/polygon/gentelella/e_commerce.html]
[colorlib.com/polygon/gentelella/projects.html]
[colorlib.com/polygon/gentelella/project_detail.html]
[colorlib.com/polygon/gentelella/contacts.html]
[colorlib.com/polygon/gentelella/images/picture.jpg]
[colorlib.com/polygon/gentelella/profile.html]
[colorlib.com/polygon/gentelella/page_403.html]
[colorlib.com/polygon/gentelella/page_404.html]
[colorlib.com/polygon/gentelella/page_500.html]
[colorlib.com/polygon/gentelella/plain_page.html]
[colorlib.com/polygon/gentelella/login.html]
[colorlib.com/polygon/gentelella/pricing_tables.html]
[colorlib.com/polygon/vendors/animate.css/animate.min.css]
[colorlib.com/polygon/gentelella/level2.html]
[colorlib.com/polygon/vendors/google-code-prettify/bin/prettify.min.css]
[colorlib.com/polygon/vendors/select2/dist/css/select2.min.css]
[colorlib.com/polygon/vendors/switchery/dist/switchery.min.css]
[colorlib.com/polygon/vendors/starrr/dist/starrr.css]
[colorlib.com/polygon/vendors/bootstrap-datetimepicker/build/css/bootstrap-datetimepicker.css]
[colorlib.com/polygon/vendors/normalize-css/normalize.css]
[colorlib.com/polygon/vendors/ion.rangeSlider/css/ion.rangeSlider.css]
[static.cloudflareinsights.com/beacon.min.js]
[colorlib.com/polygon/vendors/ion.rangeSlider/img/sprite-skin-flat.png]
[colorlib.com/polygon/vendors/ion.rangeSlider/css/ion.rangeSlider.skinFlat.css]
[colorlib.com/polygon/vendors/mjolnic-bootstrap-colorpicker/dist/img/bootstrap-colorpicker/saturation.png]
[colorlib.com/polygon/vendors/mjolnic-bootstrap-colorpicker/dist/img/bootstrap-colorpicker/hue.png]
[colorlib.com/polygon/vendors/mjolnic-bootstrap-colorpicker/dist/img/bootstrap-colorpicker/alpha.png]
[colorlib.com/polygon/vendors/mjolnic-bootstrap-colorpicker/dist/img/bootstrap-colorpicker/hue-horizontal.png]
[colorlib.com/polygon/vendors/mjolnic-bootstrap-colorpicker/dist/img/bootstrap-colorpicker/alpha-horizontal.png]
[colorlib.com/polygon/vendors/mjolnic-bootstrap-colorpicker/dist/css/bootstrap-colorpicker.min.css]
[colorlib.com/polygon/vendors/cropper/dist/cropper.min.css]
[colorlib.com/polygon/gentelella/cropped.html]
[colorlib.com/polygon/vendors/dropzone/dist/min/dropzone.min.css]
[colorlib.com/polygon/vendors/pnotify/dist/pnotify.css]
[colorlib.com/polygon/vendors/pnotify/dist/pnotify.buttons.css]
[colorlib.com/polygon/vendors/pnotify/dist/pnotify.nonblock.css]
[colorlib.com/polygon/vendors/fullcalendar/dist/fullcalendar.min.css]
[colorlib.com/polygon/vendors/fullcalendar/dist/fullcalendar.print.css]
[colorlib.com/polygon/gentelella/cdn.datatables.net/1.10.20/css/jquery.dataTables.min.html]
[colorlib.com/polygon/vendors/datatables.net-bs/css/dataTables.bootstrap.min.css]
[colorlib.com/polygon/vendors/datatables.net-buttons-bs/css/buttons.bootstrap.min.css]
[colorlib.com/polygon/vendors/datatables.net-fixedheader-bs/css/fixedHeader.bootstrap.min.css]
[colorlib.com/polygon/vendors/datatables.net-responsive-bs/css/responsive.bootstrap.min.css]
[colorlib.com/polygon/vendors/datatables.net-scroller-bs/css/scroller.bootstrap.min.css]
[colorlib.com/polygon/vendors/malihu-custom-scrollbar-plugin/mCSB_buttons.png]
[colorlib.com/polygon/vendors/malihu-custom-scrollbar-plugin/jquery.mCustomScrollbar.min.css]
[colorlib.com/polygon/vendors/animate.css/animate.min.css]
